Embedded image : 100x75 (7500 bytes)
Timing method  : clock_gettime

=== Running L1 Pipeline (|Gx| + |Gy|) ===

=== Pipeline: L1  |Gx| + |Gy| ===
Timing each stage over 100 iterations (using clock_gettime):
 Stage 1: Gaussian         : 75873.1 clock_gettime (avg over 100 runs)
 Stage 2a: Sobel           : 63465.5 clock_gettime (avg over 100 runs)
 Stage 2b: Magnitude L1    : 16949.3 clock_gettime (avg over 100 runs)
 Stage 2c: Direction       : 13094.8 clock_gettime (avg over 100 runs)
 Stage 3: NMS              : 11116.4 clock_gettime (avg over 100 runs)
 Stage 4: Double Threshold : 443.2 clock_gettime (avg over 100 runs)
 Stage 5: Hysteresis       : 13039.7 clock_gettime (avg over 100 runs)

=== Running L2 Pipeline (sqrt(Gx² + Gy²)) ===

=== Pipeline: L2  sqrt(Gx^2 + Gy^2) ===
Timing each stage over 100 iterations (using clock_gettime):
 Stage 1: Gaussian         : 71204.3 clock_gettime (avg over 100 runs)
 Stage 2a: Sobel           : 58633.0 clock_gettime (avg over 100 runs)
 Stage 2b: Magnitude L2    : 12025.0 clock_gettime (avg over 100 runs)
 Stage 2c: Direction       : 13518.5 clock_gettime (avg over 100 runs)
 Stage 3: NMS              : 10892.8 clock_gettime (avg over 100 runs)
 Stage 4: Double Threshold : 443.5 clock_gettime (avg over 100 runs)
 Stage 5: Hysteresis       : 12811.6 clock_gettime (avg over 100 runs)

=== Pipeline Runtime Totals (clock_gettime) ===
  L1 total time   : 20.492 ms
  L1 single pass  : 0.205 ms

  L2 total time   : 18.895 ms
  L2 single pass  : 0.189 ms

 Benchmark completed successfully.
