Embedded image : 100x75 (7500 bytes)
Timing method  : clock_gettime

=== Running L1 Pipeline (|Gx| + |Gy|) ===

=== Pipeline: L1  |Gx| + |Gy| ===
Timing each stage over 100 iterations (using clock_gettime):
 Stage 1: Gaussian         : 806042.9 clock_gettime (avg over 100 runs)
 Stage 2a: Sobel           : 610466.8 clock_gettime (avg over 100 runs)
 Stage 2b: Magnitude L1    : 29465.5 clock_gettime (avg over 100 runs)
 Stage 2c: Direction       : 32840.2 clock_gettime (avg over 100 runs)
 Stage 3: NMS              : 45691.6 clock_gettime (avg over 100 runs)
 Stage 4: Double Threshold : 12965.7 clock_gettime (avg over 100 runs)
 Stage 5: Hysteresis       : 44275.7 clock_gettime (avg over 100 runs)

=== Running L2 Pipeline (sqrt(Gx² + Gy²)) ===

=== Pipeline: L2  sqrt(Gx^2 + Gy^2) ===
Timing each stage over 100 iterations (using clock_gettime):
 Stage 1: Gaussian         : 858568.0 clock_gettime (avg over 100 runs)
 Stage 2a: Sobel           : 590934.7 clock_gettime (avg over 100 runs)
 Stage 2b: Magnitude L2    : 41374.9 clock_gettime (avg over 100 runs)
 Stage 2c: Direction       : 29545.1 clock_gettime (avg over 100 runs)
 Stage 3: NMS              : 34654.9 clock_gettime (avg over 100 runs)
 Stage 4: Double Threshold : 12000.7 clock_gettime (avg over 100 runs)
 Stage 5: Hysteresis       : 40356.7 clock_gettime (avg over 100 runs)

=== Pipeline Runtime Totals (clock_gettime) ===
  L1 total time   : 166.935 ms
  L1 single pass  : 1.669 ms

  L2 total time   : 168.685 ms
  L2 single pass  : 1.687 ms

 Benchmark completed successfully.
