Embedded image : 100x75 (7500 bytes)
Timing method  : clock_gettime

=== Running L1 Pipeline (|Gx| + |Gy|) ===

=== Pipeline: L1  |Gx| + |Gy| ===
Timing each stage over 100 iterations (using clock_gettime):
 Stage 1: Gaussian         : 205039.3 clock_gettime (avg over 100 runs)
 Stage 2a: Sobel           : 157894.5 clock_gettime (avg over 100 runs)
 Stage 2b: Magnitude L1    : 20974.9 clock_gettime (avg over 100 runs)
 Stage 2c: Direction       : 12858.7 clock_gettime (avg over 100 runs)
 Stage 3: NMS              : 12541.9 clock_gettime (avg over 100 runs)
 Stage 4: Double Threshold : 5065.4 clock_gettime (avg over 100 runs)
 Stage 5: Hysteresis       : 14694.1 clock_gettime (avg over 100 runs)

=== Running L2 Pipeline (sqrt(Gx² + Gy²)) ===

=== Pipeline: L2  sqrt(Gx^2 + Gy^2) ===
Timing each stage over 100 iterations (using clock_gettime):
 Stage 1: Gaussian         : 203746.9 clock_gettime (avg over 100 runs)
 Stage 2a: Sobel           : 162672.4 clock_gettime (avg over 100 runs)
 Stage 2b: Magnitude L2    : 16923.7 clock_gettime (avg over 100 runs)
 Stage 2c: Direction       : 13115.1 clock_gettime (avg over 100 runs)
 Stage 3: NMS              : 13195.3 clock_gettime (avg over 100 runs)
 Stage 4: Double Threshold : 5054.6 clock_gettime (avg over 100 runs)
 Stage 5: Hysteresis       : 15174.8 clock_gettime (avg over 100 runs)

=== Pipeline Runtime Totals (clock_gettime) ===
  L1 total time   : 45.321 ms
  L1 single pass  : 0.453 ms

  L2 total time   : 45.303 ms
  L2 single pass  : 0.453 ms

 Benchmark completed successfully.
