Embedded image : 100x75 (7500 bytes)
Timing method  : clock_gettime

=== Running L1 Pipeline (|Gx| + |Gy|) ===

=== Pipeline: L1  |Gx| + |Gy| ===
Timing each stage over 100 iterations (using clock_gettime):
 Stage 1: Gaussian         : 101058.9 clock_gettime (avg over 100 runs)
 Stage 2a: Sobel           : 60176.3 clock_gettime (avg over 100 runs)
 Stage 2b: Magnitude L1    : 16592.0 clock_gettime (avg over 100 runs)
 Stage 2c: Direction       : 13932.1 clock_gettime (avg over 100 runs)
 Stage 3: NMS              : 11547.9 clock_gettime (avg over 100 runs)
 Stage 4: Double Threshold : 455.2 clock_gettime (avg over 100 runs)
 Stage 5: Hysteresis       : 12214.6 clock_gettime (avg over 100 runs)

=== Running L2 Pipeline (sqrt(Gx² + Gy²)) ===

=== Pipeline: L2  sqrt(Gx^2 + Gy^2) ===
Timing each stage over 100 iterations (using clock_gettime):
 Stage 1: Gaussian         : 73784.4 clock_gettime (avg over 100 runs)
 Stage 2a: Sobel           : 61807.0 clock_gettime (avg over 100 runs)
 Stage 2b: Magnitude L2    : 4992.8 clock_gettime (avg over 100 runs)
 Stage 2c: Direction       : 13007.7 clock_gettime (avg over 100 runs)
 Stage 3: NMS              : 11753.9 clock_gettime (avg over 100 runs)
 Stage 4: Double Threshold : 454.1 clock_gettime (avg over 100 runs)
 Stage 5: Hysteresis       : 12769.5 clock_gettime (avg over 100 runs)

=== Pipeline Runtime Totals (clock_gettime) ===
  L1 total time   : 23.426 ms
  L1 single pass  : 0.234 ms

  L2 total time   : 18.807 ms
  L2 single pass  : 0.188 ms

 Benchmark completed successfully.
