Embedded image : 100x75 (7500 bytes)
Timing method  : clock_gettime (real wall-clock, ns)

=== Running L1 Pipeline (|Gx| + |Gy|) ===

=== Pipeline: L1  |Gx| + |Gy| ===
Timing each stage over 100 iterations (using clock_gettime (real wall-clock, ns)):
 Stage 1: Gaussian         : 2442786.3 clock_gettime (real wall-clock, ns) (avg over 100 runs)
 Stage 2a: Sobel           : 1842491.7 clock_gettime (real wall-clock, ns) (avg over 100 runs)
 Stage 2b: Magnitude L1    : 91289.5 clock_gettime (real wall-clock, ns) (avg over 100 runs)
 Stage 2c: Direction       : 255660.7 clock_gettime (real wall-clock, ns) (avg over 100 runs)
 Stage 3: NMS              : 117181.8 clock_gettime (real wall-clock, ns) (avg over 100 runs)
 Stage 4: Double Threshold : 43617.8 clock_gettime (real wall-clock, ns) (avg over 100 runs)
 Stage 5: Hysteresis       : 100765.6 clock_gettime (real wall-clock, ns) (avg over 100 runs)

=== Running L2 Pipeline (sqrt(Gx² + Gy²)) ===

=== Pipeline: L2  sqrt(Gx^2 + Gy^2) ===
Timing each stage over 100 iterations (using clock_gettime (real wall-clock, ns)):
 Stage 1: Gaussian         : 2448202.0 clock_gettime (real wall-clock, ns) (avg over 100 runs)
 Stage 2a: Sobel           : 1845570.2 clock_gettime (real wall-clock, ns) (avg over 100 runs)
 Stage 2b: Magnitude L2    : 877075.8 clock_gettime (real wall-clock, ns) (avg over 100 runs)
 Stage 2c: Direction       : 251323.0 clock_gettime (real wall-clock, ns) (avg over 100 runs)
 Stage 3: NMS              : 115515.3 clock_gettime (real wall-clock, ns) (avg over 100 runs)
 Stage 4: Double Threshold : 42924.4 clock_gettime (real wall-clock, ns) (avg over 100 runs)
 Stage 5: Hysteresis       : 101258.0 clock_gettime (real wall-clock, ns) (avg over 100 runs)

=== Pipeline Runtime Totals (clock_gettime (real wall-clock, ns)) ===
  L1 total time   : 520.267 ms
  L1 single pass  : 5.203 ms

  L2 total time   : 597.938 ms
  L2 single pass  : 5.979 ms

 Benchmark completed successfully.
