Embedded image : 100x75 (7500 bytes)
Timing method  : clock_gettime (real wall-clock, ns)

=== Running L1 Pipeline (|Gx| + |Gy|) ===

=== Pipeline: L1  |Gx| + |Gy| ===
Timing each stage over 100 iterations (using clock_gettime (real wall-clock, ns)):
 Stage 1: Gaussian         : 532866.2 clock_gettime (real wall-clock, ns) (avg over 100 runs)
 Stage 2a: Sobel           : 197874.4 clock_gettime (real wall-clock, ns) (avg over 100 runs)
 Stage 2b: Magnitude L1    : 470296.2 clock_gettime (real wall-clock, ns) (avg over 100 runs)
 Stage 2c: Direction       : 216057.5 clock_gettime (real wall-clock, ns) (avg over 100 runs)
 Stage 3: NMS              : 35582.8 clock_gettime (real wall-clock, ns) (avg over 100 runs)
 Stage 4: Double Threshold : 75208.4 clock_gettime (real wall-clock, ns) (avg over 100 runs)
 Stage 5: Hysteresis       : 135562.5 clock_gettime (real wall-clock, ns) (avg over 100 runs)

=== Running L2 Pipeline (sqrt(Gx² + Gy²)) ===

=== Pipeline: L2  sqrt(Gx^2 + Gy^2) ===
Timing each stage over 100 iterations (using clock_gettime (real wall-clock, ns)):
 Stage 1: Gaussian         : 539993.3 clock_gettime (real wall-clock, ns) (avg over 100 runs)
 Stage 2a: Sobel           : 184626.1 clock_gettime (real wall-clock, ns) (avg over 100 runs)
 Stage 2b: Magnitude L2    : 872268.6 clock_gettime (real wall-clock, ns) (avg over 100 runs)
 Stage 2c: Direction       : 221152.3 clock_gettime (real wall-clock, ns) (avg over 100 runs)
 Stage 3: NMS              : 36302.8 clock_gettime (real wall-clock, ns) (avg over 100 runs)
 Stage 4: Double Threshold : 75384.0 clock_gettime (real wall-clock, ns) (avg over 100 runs)
 Stage 5: Hysteresis       : 148201.8 clock_gettime (real wall-clock, ns) (avg over 100 runs)

=== Pipeline Runtime Totals (clock_gettime (real wall-clock, ns)) ===
  L1 total time   : 184.969 ms
  L1 single pass  : 1.850 ms

  L2 total time   : 219.618 ms
  L2 single pass  : 2.196 ms

 Benchmark completed successfully.
