Embedded image : 100x75 (7500 bytes)
Timing method  : clock_gettime (real wall-clock, ns)

=== Running L1 Pipeline (|Gx| + |Gy|) ===

=== Pipeline: L1  |Gx| + |Gy| ===
Timing each stage over 100 iterations (using clock_gettime (real wall-clock, ns)):
 Stage 1: Gaussian         : 1051358.8 clock_gettime (real wall-clock, ns) (avg over 100 runs)
 Stage 2a: Sobel           : 651954.9 clock_gettime (real wall-clock, ns) (avg over 100 runs)
 Stage 2b: Magnitude L1    : 65401.2 clock_gettime (real wall-clock, ns) (avg over 100 runs)
 Stage 2c: Direction       : 214013.7 clock_gettime (real wall-clock, ns) (avg over 100 runs)
 Stage 3: NMS              : 46909.6 clock_gettime (real wall-clock, ns) (avg over 100 runs)
 Stage 4: Double Threshold : 20252.2 clock_gettime (real wall-clock, ns) (avg over 100 runs)
 Stage 5: Hysteresis       : 89709.2 clock_gettime (real wall-clock, ns) (avg over 100 runs)

=== Running L2 Pipeline (sqrt(Gx² + Gy²)) ===

=== Pipeline: L2  sqrt(Gx^2 + Gy^2) ===
Timing each stage over 100 iterations (using clock_gettime (real wall-clock, ns)):
 Stage 1: Gaussian         : 944568.4 clock_gettime (real wall-clock, ns) (avg over 100 runs)
 Stage 2a: Sobel           : 644885.2 clock_gettime (real wall-clock, ns) (avg over 100 runs)
 Stage 2b: Magnitude L2    : 506792.7 clock_gettime (real wall-clock, ns) (avg over 100 runs)
 Stage 2c: Direction       : 224687.9 clock_gettime (real wall-clock, ns) (avg over 100 runs)
 Stage 3: NMS              : 47460.0 clock_gettime (real wall-clock, ns) (avg over 100 runs)
 Stage 4: Double Threshold : 19409.4 clock_gettime (real wall-clock, ns) (avg over 100 runs)
 Stage 5: Hysteresis       : 98894.3 clock_gettime (real wall-clock, ns) (avg over 100 runs)

=== Pipeline Runtime Totals (clock_gettime (real wall-clock, ns)) ===
  L1 total time   : 230.934 ms
  L1 single pass  : 2.309 ms

  L2 total time   : 261.798 ms
  L2 single pass  : 2.618 ms

 Benchmark completed successfully.
