Embedded image : 100x75 (7500 bytes)
Timing method  : clock_gettime (real wall-clock, ns)

=== Running L1 Pipeline (|Gx| + |Gy|) ===

=== Pipeline: L1  |Gx| + |Gy| ===
Timing each stage over 100 iterations (using clock_gettime (real wall-clock, ns)):
 Stage 1: Gaussian         : 656556.6 clock_gettime (real wall-clock, ns) (avg over 100 runs)
 Stage 2a: Sobel           : 618447.6 clock_gettime (real wall-clock, ns) (avg over 100 runs)
 Stage 2b: Magnitude L1    : 241095.5 clock_gettime (real wall-clock, ns) (avg over 100 runs)
 Stage 2c: Direction       : 194349.8 clock_gettime (real wall-clock, ns) (avg over 100 runs)
 Stage 3: NMS              : 35597.5 clock_gettime (real wall-clock, ns) (avg over 100 runs)
 Stage 4: Double Threshold : 18991.9 clock_gettime (real wall-clock, ns) (avg over 100 runs)
 Stage 5: Hysteresis       : 156948.4 clock_gettime (real wall-clock, ns) (avg over 100 runs)

=== Running L2 Pipeline (sqrt(Gx² + Gy²)) ===

=== Pipeline: L2  sqrt(Gx^2 + Gy^2) ===
Timing each stage over 100 iterations (using clock_gettime (real wall-clock, ns)):
 Stage 1: Gaussian         : 643041.1 clock_gettime (real wall-clock, ns) (avg over 100 runs)
 Stage 2a: Sobel           : 605930.3 clock_gettime (real wall-clock, ns) (avg over 100 runs)
 Stage 2b: Magnitude L2    : 612320.2 clock_gettime (real wall-clock, ns) (avg over 100 runs)
 Stage 2c: Direction       : 194055.5 clock_gettime (real wall-clock, ns) (avg over 100 runs)
 Stage 3: NMS              : 36463.9 clock_gettime (real wall-clock, ns) (avg over 100 runs)
 Stage 4: Double Threshold : 18741.4 clock_gettime (real wall-clock, ns) (avg over 100 runs)
 Stage 5: Hysteresis       : 156264.3 clock_gettime (real wall-clock, ns) (avg over 100 runs)

=== Pipeline Runtime Totals (clock_gettime (real wall-clock, ns)) ===
  L1 total time   : 221.338 ms
  L1 single pass  : 2.213 ms

  L2 total time   : 239.711 ms
  L2 single pass  : 2.397 ms

 Benchmark completed successfully.
